Microsoft Windows [Version 10.0.16299.98]
(c) 2017 Microsoft Corporation. All rights reserved.

E:\Code\python\DjangoLearn>python
Python 3.8.0 (tags/v3.8.0:fa919fd, Oct 14 2019, 19:21:23) [MSC v.1916 32 bit (Intel)] on win32
Type "help", "copyright", "credits" or "license" for more information.
>>> y^D^D^D^D^D^D^D

>>> exit
Use exit() or Ctrl-Z plus Return to exit
>>> ^Z^Z^Z^Z^Z^Z^Z^Z^Z^Z^Z


E:\Code\python\DjangoLearn>python -m pip install Django
Collecting Django
  Downloading https://files.pythonhosted.org/packages/55/d1/8ade70e65fa157e1903fe4078305ca53b6819ab212d9fbbe5755afc8ea2e/Django-3.0.2-py3-none-any.whl (7.4MB)
     |████████████████████████████████| 7.4MB 38kB/s
Collecting sqlparse>=0.2.2 (from Django)
  Downloading https://files.pythonhosted.org/packages/ef/53/900f7d2a54557c6a37886585a91336520e5539e3ae2423ff1102daf4f3a7/sqlparse-0.3.0-py2.py3-none-any.whl
Collecting pytz (from Django)
  Using cached https://files.pythonhosted.org/packages/e7/f9/f0b53f88060247251bf481fa6ea62cd0d25bf1b11a87888e53ce5b7c8ad2/pytz-2019.3-py2.py3-none-any.whl
Collecting asgiref~=3.2 (from Django)
  Downloading https://files.pythonhosted.org/packages/a5/cb/5a235b605a9753ebcb2730c75e610fb51c8cab3f01230080a8229fa36adb/asgiref-3.2.3-py2.py3-none-any.whl
Installing collected packages: sqlparse, pytz, asgiref, Django
Successfully installed Django-3.0.2 asgiref-3.2.3 pytz-2019.3 sqlparse-0.3.0
WARNING: You are using pip version 19.2.3, however version 20.0.2 is available.
You should consider upgrading via the 'python -m pip install --upgrade pip' command.

E:\Code\python\DjangoLearn>python -m pip install --upgrade pip
Collecting pip
  Using cached https://files.pythonhosted.org/packages/54/0c/d01aa759fdc501a58f431eb594a17495f15b88da142ce14b5845662c13f3/pip-20.0.2-py2.py3-none-any.whl
Installing collected packages: pip
  Found existing installation: pip 19.2.3
    Uninstalling pip-19.2.3:
      Successfully uninstalled pip-19.2.3
Successfully installed pip-20.0.2

E:\Code\python\DjangoLearn>python -m django --version
3.0.2

E:\Code\python\DjangoLearn>django-admin startproject DjangoRestAPI

E:\Code\python\DjangoLearn>cd DjangoRestAPI

E:\Code\python\DjangoLearn\DjangoRestAPI>python manage.py startapp polls

E:\Code\python\DjangoLearn\DjangoRestAPI>python manage.py migrate
Operations to perform:
  Apply all migrations: admin, auth, contenttypes, sessions
Running migrations:
  Applying contenttypes.0001_initial... OK
  Applying auth.0001_initial... OK
  Applying admin.0001_initial... OK
  Applying admin.0002_logentry_remove_auto_add... OK
  Applying admin.0003_logentry_add_action_flag_choices... OK
  Applying contenttypes.0002_remove_content_type_name... OK
  Applying auth.0002_alter_permission_name_max_length... OK
  Applying auth.0003_alter_user_email_max_length... OK
  Applying auth.0004_alter_user_username_opts... OK
  Applying auth.0005_alter_user_last_login_null... OK
  Applying auth.0006_require_contenttypes_0002... OK
  Applying auth.0007_alter_validators_add_error_messages... OK
  Applying auth.0008_alter_user_username_max_length... OK
  Applying auth.0009_alter_user_last_name_max_length... OK
  Applying auth.0010_alter_group_name_max_length... OK
  Applying auth.0011_update_proxy_permissions... OK
  Applying sessions.0001_initial... OK

E:\Code\python\DjangoLearn\DjangoRestAPI>python manage.py createsuperuser
Username (leave blank to use 'pritam'):
Email address: p.khose@rediffmail.com
Password:
Password (again):
Error: Your passwords didn't match.
Password:
Password (again):
Error: Your passwords didn't match.
Password:
Password (again):
The password is too similar to the username.
Bypass password validation and create user anyway? [y/N]: n
Password:
Password (again):
The password is too similar to the username.
Bypass password validation and create user anyway? [y/N]: n
Password:
Password (again):
Error: Your passwords didn't match.
Password:
Password (again):
This password is too common.
Bypass password validation and create user anyway? [y/N]: n
Password:
Password (again):
This password is too common.
Bypass password validation and create user anyway? [y/N]: n
Password:
Password (again):
This password is too common.
Bypass password validation and create user anyway? [y/N]: y
Superuser created successfully.

E:\Code\python\DjangoLearn\DjangoRestAPI>python manage.py runserver
Watching for file changes with StatReloader
Performing system checks...

System check identified no issues (0 silenced).
February 01, 2020 - 19:33:38
Django version 3.0.2, using settings 'DjangoRestAPI.settings'
Starting development server at http://127.0.0.1:8000/
Quit the server with CTRL-BREAK.
[01/Feb/2020 19:33:44] "GET / HTTP/1.1" 200 16351
[01/Feb/2020 19:33:44] "GET /static/admin/css/fonts.css HTTP/1.1" 200 423
[01/Feb/2020 19:33:44] "GET /static/admin/fonts/Roboto-Bold-webfont.woff HTTP/1.1" 200 86184
[01/Feb/2020 19:33:44] "GET /static/admin/fonts/Roboto-Regular-webfont.woff HTTP/1.1" 200 85876
[01/Feb/2020 19:33:44] "GET /static/admin/fonts/Roboto-Light-webfont.woff HTTP/1.1" 200 85692
Not Found: /favicon.ico
[01/Feb/2020 19:33:45] "GET /favicon.ico HTTP/1.1" 404 1979
E:\Code\python\DjangoLearn\DjangoRestAPI\DjangoRestAPI\urls.py changed, reloading.
Watching for file changes with StatReloader
Performing system checks...

System check identified no issues (0 silenced).
February 01, 2020 - 19:35:55
Django version 3.0.2, using settings 'DjangoRestAPI.settings'
Starting development server at http://127.0.0.1:8000/
Quit the server with CTRL-BREAK.
[01/Feb/2020 19:36:36] "GET /polls HTTP/1.1" 301 0
[01/Feb/2020 19:36:36] "GET /polls/ HTTP/1.1" 200 40
[01/Feb/2020 19:36:43] "GET /admin/ HTTP/1.1" 302 0
[01/Feb/2020 19:36:43] "GET /admin/login/?next=/admin/ HTTP/1.1" 200 1913
[01/Feb/2020 19:36:43] "GET /static/admin/css/login.css HTTP/1.1" 200 1233
[01/Feb/2020 19:36:43] "GET /static/admin/css/responsive.css HTTP/1.1" 200 18052
[01/Feb/2020 19:36:43] "GET /static/admin/css/base.css HTTP/1.1" 200 16378
[01/Feb/2020 19:36:43] "GET /static/admin/css/fonts.css HTTP/1.1" 304 0
[01/Feb/2020 19:36:43] "GET /static/admin/fonts/Roboto-Light-webfont.woff HTTP/1.1" 304 0
[01/Feb/2020 19:36:43] "GET /static/admin/fonts/Roboto-Regular-webfont.woff HTTP/1.1" 304 0
[01/Feb/2020 19:36:54] "POST /admin/login/?next=/admin/ HTTP/1.1" 200 2075
[01/Feb/2020 19:36:55] "GET /static/admin/fonts/Roboto-Bold-webfont.woff HTTP/1.1" 304 0
[01/Feb/2020 19:37:04] "POST /admin/login/?next=/admin/ HTTP/1.1" 302 0
[01/Feb/2020 19:37:04] "GET /admin/ HTTP/1.1" 200 3043
[01/Feb/2020 19:37:04] "GET /static/admin/css/dashboard.css HTTP/1.1" 200 412
[01/Feb/2020 19:37:04] "GET /static/admin/img/icon-changelink.svg HTTP/1.1" 200 380
[01/Feb/2020 19:37:04] "GET /static/admin/img/icon-addlink.svg HTTP/1.1" 200 331
[01/Feb/2020 19:37:23] "GET /admin/auth/user/ HTTP/1.1" 200 6618
[01/Feb/2020 19:37:23] "GET /admin/jsi18n/ HTTP/1.1" 200 3223
[01/Feb/2020 19:37:23] "GET /static/admin/js/admin/RelatedObjectLookups.js HTTP/1.1" 200 6918
[01/Feb/2020 19:37:23] "GET /static/admin/js/jquery.init.js HTTP/1.1" 200 363
[01/Feb/2020 19:37:23] "GET /static/admin/js/core.js HTTP/1.1" 200 5723
[01/Feb/2020 19:37:23] "GET /static/admin/css/changelists.css HTTP/1.1" 200 6190
[01/Feb/2020 19:37:23] "GET /static/admin/img/search.svg HTTP/1.1" 200 458
[01/Feb/2020 19:37:23] "GET /static/admin/js/prepopulate.js HTTP/1.1" 200 1530
[01/Feb/2020 19:37:23] "GET /static/admin/js/urlify.js HTTP/1.1" 200 8941
[01/Feb/2020 19:37:23] "GET /static/admin/js/actions.js HTTP/1.1" 200 6766
[01/Feb/2020 19:37:23] "GET /static/admin/js/vendor/xregexp/xregexp.js HTTP/1.1" 200 128820
[01/Feb/2020 19:37:23] "GET /static/admin/img/icon-yes.svg HTTP/1.1" 200 436
[01/Feb/2020 19:37:23] "GET /static/admin/js/vendor/jquery/jquery.js HTTP/1.1" 200 280364
[01/Feb/2020 19:37:23] "GET /static/admin/img/tooltag-add.svg HTTP/1.1" 200 331
[01/Feb/2020 19:37:23] "GET /static/admin/img/sorting-icons.svg HTTP/1.1" 200 1097
[01/Feb/2020 19:37:32] "GET /admin/ HTTP/1.1" 200 3043
E:\Code\python\DjangoLearn\DjangoRestAPI\DjangoRestAPI\settings.py changed, reloading.
Watching for file changes with StatReloader
Performing system checks...

System check identified no issues (0 silenced).
February 01, 2020 - 19:40:12
Django version 3.0.2, using settings 'DjangoRestAPI.settings'
Starting development server at http://127.0.0.1:8000/
Quit the server with CTRL-BREAK.

E:\Code\python\DjangoLearn\DjangoRestAPI>python manage.py makemigrations polls
Migrations for 'polls':
  polls\migrations\0001_initial.py
    - Create model Question
    - Create model Choice

E:\Code\python\DjangoLearn\DjangoRestAPI>python manage.py sqlmigrate polls 0001
BEGIN;
--
-- Create model Question
--
CREATE TABLE "polls_question" ("id" integer NOT NULL PRIMARY KEY AUTOINCREMENT, "question_text" varchar(200) NOT NULL, "pub_date" datetime NOT NULL);
--
-- Create model Choice
--
CREATE TABLE "polls_choice" ("id" integer NOT NULL PRIMARY KEY AUTOINCREMENT, "choice_text" varchar(200) NOT NULL, "votes" integer NOT NULL, "question_id" integer NOT NULL REFERENCES "polls_question" ("id") DEFERRABLE INITIALLY DEFERRED);
CREATE INDEX "polls_choice_question_id_c5b4b260" ON "polls_choice" ("question_id");
COMMIT;

E:\Code\python\DjangoLearn\DjangoRestAPI>python manage.py migrate
Operations to perform:
  Apply all migrations: admin, auth, contenttypes, polls, sessions
Running migrations:
  Applying polls.0001_initial... OK

E:\Code\python\DjangoLearn\DjangoRestAPI> python manage.py shell
Python 3.8.0 (tags/v3.8.0:fa919fd, Oct 14 2019, 19:21:23) [MSC v.1916 32 bit (Intel)] on win32
Type "help", "copyright", "credits" or "license" for more information.
(InteractiveConsole)
>>> ^Z^Zexit

now exiting InteractiveConsole...

E:\Code\python\DjangoLearn\DjangoRestAPI>python manage.py runserver
Watching for file changes with StatReloader
Performing system checks...

System check identified no issues (0 silenced).
February 01, 2020 - 19:53:48
Django version 3.0.2, using settings 'DjangoRestAPI.settings'
Starting development server at http://127.0.0.1:8000/
Quit the server with CTRL-BREAK.
[01/Feb/2020 19:53:49] "GET /admin/ HTTP/1.1" 200 3043
[01/Feb/2020 19:53:49] "GET /static/admin/css/base.css HTTP/1.1" 304 0
[01/Feb/2020 19:53:49] "GET /static/admin/css/responsive.css HTTP/1.1" 304 0
[01/Feb/2020 19:53:49] "GET /static/admin/css/dashboard.css HTTP/1.1" 304 0
[01/Feb/2020 19:53:49] "GET /static/admin/css/fonts.css HTTP/1.1" 304 0
[01/Feb/2020 19:53:50] "GET /static/admin/img/icon-addlink.svg HTTP/1.1" 304 0
[01/Feb/2020 19:53:50] "GET /static/admin/img/icon-changelink.svg HTTP/1.1" 304 0
[01/Feb/2020 19:53:50] "GET /static/admin/fonts/Roboto-Regular-webfont.woff HTTP/1.1" 304 0
[01/Feb/2020 19:53:50] "GET /static/admin/fonts/Roboto-Light-webfont.woff HTTP/1.1" 304 0
[01/Feb/2020 19:53:50] "GET /static/admin/fonts/Roboto-Bold-webfont.woff HTTP/1.1" 304 0
[01/Feb/2020 19:53:52] "GET /admin/ HTTP/1.1" 200 3043
[01/Feb/2020 19:53:56] "GET /admin/auth/group/ HTTP/1.1" 200 3503
[01/Feb/2020 19:53:56] "GET /static/admin/css/changelists.css HTTP/1.1" 304 0
[01/Feb/2020 19:53:56] "GET /static/admin/js/vendor/jquery/jquery.js HTTP/1.1" 304 0
[01/Feb/2020 19:53:56] "GET /admin/jsi18n/ HTTP/1.1" 200 3223
[01/Feb/2020 19:53:56] "GET /static/admin/js/actions.js HTTP/1.1" 304 0
[01/Feb/2020 19:53:56] "GET /static/admin/js/urlify.js HTTP/1.1" 304 0
[01/Feb/2020 19:53:56] "GET /static/admin/js/prepopulate.js HTTP/1.1" 304 0
[01/Feb/2020 19:53:56] "GET /static/admin/js/vendor/xregexp/xregexp.js HTTP/1.1" 304 0
[01/Feb/2020 19:53:56] "GET /static/admin/js/admin/RelatedObjectLookups.js HTTP/1.1" 304 0
[01/Feb/2020 19:53:56] "GET /static/admin/js/core.js HTTP/1.1" 304 0
[01/Feb/2020 19:53:56] "GET /static/admin/js/jquery.init.js HTTP/1.1" 304 0
[01/Feb/2020 19:53:56] "GET /static/admin/img/search.svg HTTP/1.1" 304 0
[01/Feb/2020 19:53:56] "GET /static/admin/img/tooltag-add.svg HTTP/1.1" 304 0
[01/Feb/2020 19:53:58] "GET /admin/ HTTP/1.1" 200 3043
[01/Feb/2020 19:53:59] "GET /admin/auth/user/ HTTP/1.1" 200 6618
[01/Feb/2020 19:53:59] "GET /admin/jsi18n/ HTTP/1.1" 200 3223
[01/Feb/2020 19:53:59] "GET /static/admin/img/icon-yes.svg HTTP/1.1" 304 0
[01/Feb/2020 19:53:59] "GET /static/admin/img/sorting-icons.svg HTTP/1.1" 304 0
E:\Code\python\DjangoLearn\DjangoRestAPI\polls\admin.py changed, reloading.
Watching for file changes with StatReloader
Performing system checks...

System check identified no issues (0 silenced).
February 01, 2020 - 19:54:35
Django version 3.0.2, using settings 'DjangoRestAPI.settings'
Starting development server at http://127.0.0.1:8000/
Quit the server with CTRL-BREAK.
[01/Feb/2020 19:54:42] "GET /admin/auth/user/ HTTP/1.1" 200 6618
[01/Feb/2020 19:54:42] "GET /admin/jsi18n/ HTTP/1.1" 200 3223
[01/Feb/2020 19:54:46] "GET /admin/ HTTP/1.1" 200 3722
[01/Feb/2020 19:54:48] "GET /admin/polls/question/ HTTP/1.1" 200 3180
[01/Feb/2020 19:54:48] "GET /admin/jsi18n/ HTTP/1.1" 200 3223
[01/Feb/2020 19:54:52] "GET /admin/polls/question/add/ HTTP/1.1" 200 4840
[01/Feb/2020 19:54:52] "GET /admin/jsi18n/ HTTP/1.1" 200 3223
[01/Feb/2020 19:54:52] "GET /static/admin/css/forms.css HTTP/1.1" 200 8518
[01/Feb/2020 19:54:52] "GET /static/admin/js/calendar.js HTTP/1.1" 200 7777
[01/Feb/2020 19:54:52] "GET /static/admin/js/prepopulate_init.js HTTP/1.1" 200 495
[01/Feb/2020 19:54:52] "GET /static/admin/js/admin/DateTimeShortcuts.js HTTP/1.1" 200 20232
[01/Feb/2020 19:54:52] "GET /static/admin/js/change_form.js HTTP/1.1" 200 712
[01/Feb/2020 19:54:52] "GET /static/admin/css/widgets.css HTTP/1.1" 200 10322
[01/Feb/2020 19:54:52] "GET /static/admin/img/icon-calendar.svg HTTP/1.1" 200 1086
[01/Feb/2020 19:54:52] "GET /static/admin/img/icon-clock.svg HTTP/1.1" 200 677
[01/Feb/2020 19:55:09] "GET /static/admin/img/calendar-icons.svg HTTP/1.1" 200 1094
[01/Feb/2020 19:55:18] "POST /admin/polls/question/add/ HTTP/1.1" 302 0
[01/Feb/2020 19:55:19] "GET /admin/polls/question/ HTTP/1.1" 200 4535
[01/Feb/2020 19:55:19] "GET /admin/jsi18n/ HTTP/1.1" 200 3223
[01/Feb/2020 19:55:47] "GET /admin/polls/question/ HTTP/1.1" 200 4347
[01/Feb/2020 19:55:47] "GET /admin/jsi18n/ HTTP/1.1" 200 3223
[01/Feb/2020 19:56:58] "GET /admin/polls/ HTTP/1.1" 200 2439
[01/Feb/2020 19:57:01] "GET /admin/polls/question/ HTTP/1.1" 200 4347
[01/Feb/2020 19:57:01] "GET /admin/jsi18n/ HTTP/1.1" 200 3223
[01/Feb/2020 19:57:04] "GET /admin/polls/question/1/change/ HTTP/1.1" 200 5102
[01/Feb/2020 19:57:04] "GET /admin/jsi18n/ HTTP/1.1" 200 3223
[01/Feb/2020 19:57:10] "POST /admin/polls/question/1/change/ HTTP/1.1" 302 0
[01/Feb/2020 19:57:11] "GET /admin/polls/question/ HTTP/1.1" 200 4539
[01/Feb/2020 19:57:11] "GET /admin/jsi18n/ HTTP/1.1" 200 3223
[01/Feb/2020 19:57:22] "GET /admin/polls/ HTTP/1.1" 200 2439
[01/Feb/2020 19:57:25] "GET /admin/ HTTP/1.1" 200 4335

E:\Code\python\DjangoLearn\DjangoRestAPI>^S^S^S